// Jest Snapshot v1, https://goo.gl/fbAQLP

exports[`DateSwitch renders correctly 1`] = `
.emotion-3 {
  display: -webkit-box;
  display: -webkit-flex;
  display: -ms-flexbox;
  display: flex;
  font-family: sans-serif;
  -webkit-align-items: center;
  -webkit-box-align: center;
  -ms-flex-align: center;
  align-items: center;
  -webkit-box-pack: justify;
  -webkit-justify-content: space-between;
  -ms-flex-pack: justify;
  justify-content: space-between;
  height: 40px;
  background: #fff;
  position: absolute;
  left: 0;
  top: 0;
  right: 0;
}

.emotion-0 {
  display: -webkit-box;
  display: -webkit-flex;
  display: -ms-flexbox;
  display: flex;
  -webkit-align-items: center;
  -webkit-box-align: center;
  -ms-flex-align: center;
  align-items: center;
  -webkit-box-pack: center;
  -webkit-justify-content: center;
  -ms-flex-pack: center;
  justify-content: center;
  width: 40px;
  height: 100%;
  border: none;
  background: #eee;
  font-size: 1.3em;
}

.emotion-1 {
  font-weight: bold;
}

<DateSwitch
  onUpdate={[Function]}
>
  <Styled(section)>
    <section
      className="emotion-3"
    >
      <Styled(button)
        onClick={[Function]}
      >
        <button
          className="emotion-0"
          onClick={[Function]}
        >
          ‹
        </button>
      </Styled(button)>
      <Styled(span)
        isToday={true}
      >
        <span
          className="emotion-1"
        >
          27.05.2018
        </span>
      </Styled(span)>
      <Styled(button)
        disabled={true}
        onClick={[Function]}
      >
        <button
          className="emotion-0"
          disabled={true}
          onClick={[Function]}
        >
          ›
        </button>
      </Styled(button)>
    </section>
  </Styled(section)>
</DateSwitch>
`;
